// Jest Snapshot v1, https://goo.gl/fbAQLP

exports[`Home Page It should render the Home Page 1`] = `ShallowWrapper {}`;
