// Jest Snapshot v1, https://goo.gl/fbAQLP

exports[`PROFILE Page It should render the Profile Page 1`] = `ShallowWrapper {}`;
